expected output tests for project submission/grading
